error: Unexpected input, expected a double quoted string: "path::to::something"
  --> $DIR/derive_fail_property_empty_hint.rs:12:28
   |
12 |     #[property(with_hint = "")]
   |                            ^^
